
[1786418731030] Error: IPC channel is already disconnected
    at ChildProcess.target.disconnect (node:internal/child_process:910:26)
    at QueryProcessWrapper.destroy (C:\Users\Belal\Downloads\avalheim-showdown\avalheim-showdown-server\lib\process-manager.ts:206:16)
    at QueryProcessWrapper.release (C:\Users\Belal\Downloads\avalheim-showdown\avalheim-showdown-server\lib\process-manager.ts:192:9)
    at QueryProcessManager.releaseCrashed (C:\Users\Belal\Downloads\avalheim-showdown\avalheim-showdown-server\lib\process-manager.ts:458:16)
    at ChildProcess.<anonymous> (C:\Users\Belal\Downloads\avalheim-showdown\avalheim-showdown-server\lib\process-manager.ts:515:47)
    at ChildProcess.emit (node:events:509:20)
    at finish (node:internal/child_process:940:14)
    at processTicksAndRejections (node:internal/process/task_queues:85:11)

[1786418731033] Error: IPC channel is already disconnected
    at ChildProcess.target.disconnect (node:internal/child_process:910:26)
    at QueryProcessWrapper.destroy (C:\Users\Belal\Downloads\avalheim-showdown\avalheim-showdown-server\lib\process-manager.ts:206:16)
    at QueryProcessWrapper.release (C:\Users\Belal\Downloads\avalheim-showdown\avalheim-showdown-server\lib\process-manager.ts:192:9)
    at QueryProcessManager.releaseCrashed (C:\Users\Belal\Downloads\avalheim-showdown\avalheim-showdown-server\lib\process-manager.ts:458:16)
    at ChildProcess.<anonymous> (C:\Users\Belal\Downloads\avalheim-showdown\avalheim-showdown-server\lib\process-manager.ts:515:47)
    at ChildProcess.emit (node:events:509:20)
    at finish (node:internal/child_process:940:14)
    at processTicksAndRejections (node:internal/process/task_queues:85:11)

[1786418731033] Error: IPC channel is already disconnected
    at ChildProcess.target.disconnect (node:internal/child_process:910:26)
    at QueryProcessWrapper.destroy (C:\Users\Belal\Downloads\avalheim-showdown\avalheim-showdown-server\lib\process-manager.ts:206:16)
    at QueryProcessWrapper.release (C:\Users\Belal\Downloads\avalheim-showdown\avalheim-showdown-server\lib\process-manager.ts:192:9)
    at QueryProcessManager.releaseCrashed (C:\Users\Belal\Downloads\avalheim-showdown\avalheim-showdown-server\lib\process-manager.ts:458:16)
    at ChildProcess.<anonymous> (C:\Users\Belal\Downloads\avalheim-showdown\avalheim-showdown-server\lib\process-manager.ts:515:47)
    at ChildProcess.emit (node:events:509:20)
    at finish (node:internal/child_process:940:14)
    at processTicksAndRejections (node:internal/process/task_queues:85:11)

[1786418731071] Error: IPC channel is already disconnected
    at ChildProcess.target.disconnect (node:internal/child_process:910:26)
    at StreamProcessWrapper.destroy (C:\Users\Belal\Downloads\avalheim-showdown\avalheim-showdown-server\lib\process-manager.ts:322:16)
    at StreamProcessWrapper.release (C:\Users\Belal\Downloads\avalheim-showdown\avalheim-showdown-server\lib\process-manager.ts:308:14)
    at StreamProcessManager.releaseCrashed (C:\Users\Belal\Downloads\avalheim-showdown\avalheim-showdown-server\lib\process-manager.ts:458:16)
    at ChildProcess.<anonymous> (C:\Users\Belal\Downloads\avalheim-showdown\avalheim-showdown-server\lib\process-manager.ts:515:47)
    at ChildProcess.emit (node:events:509:20)
    at finish (node:internal/child_process:940:14)
    at processTicksAndRejections (node:internal/process/task_queues:85:11)

[1786418731160] Error: IPC channel is already disconnected
    at ChildProcess.target.disconnect (node:internal/child_process:910:26)
    at QueryProcessWrapper.destroy (C:\Users\Belal\Downloads\avalheim-showdown\avalheim-showdown-server\lib\process-manager.ts:206:16)
    at QueryProcessWrapper.release (C:\Users\Belal\Downloads\avalheim-showdown\avalheim-showdown-server\lib\process-manager.ts:192:9)
    at QueryProcessManager.releaseCrashed (C:\Users\Belal\Downloads\avalheim-showdown\avalheim-showdown-server\lib\process-manager.ts:458:16)
    at ChildProcess.<anonymous> (C:\Users\Belal\Downloads\avalheim-showdown\avalheim-showdown-server\lib\process-manager.ts:515:47)
    at ChildProcess.emit (node:events:509:20)
    at finish (node:internal/child_process:940:14)
    at processTicksAndRejections (node:internal/process/task_queues:85:11)

[1786418731204] Error: IPC channel is already disconnected
    at ChildProcess.target.disconnect (node:internal/child_process:910:26)
    at QueryProcessWrapper.destroy (C:\Users\Belal\Downloads\avalheim-showdown\avalheim-showdown-server\lib\process-manager.ts:206:16)
    at QueryProcessWrapper.release (C:\Users\Belal\Downloads\avalheim-showdown\avalheim-showdown-server\lib\process-manager.ts:192:9)
    at QueryProcessManager.releaseCrashed (C:\Users\Belal\Downloads\avalheim-showdown\avalheim-showdown-server\lib\process-manager.ts:458:16)
    at ChildProcess.<anonymous> (C:\Users\Belal\Downloads\avalheim-showdown\avalheim-showdown-server\lib\process-manager.ts:515:47)
    at ChildProcess.emit (node:events:509:20)
    at finish (node:internal/child_process:940:14)
    at processTicksAndRejections (node:internal/process/task_queues:85:11)

[1786418731244] Error: IPC channel is already disconnected
    at ChildProcess.target.disconnect (node:internal/child_process:910:26)
    at QueryProcessWrapper.destroy (C:\Users\Belal\Downloads\avalheim-showdown\avalheim-showdown-server\lib\process-manager.ts:206:16)
    at QueryProcessWrapper.release (C:\Users\Belal\Downloads\avalheim-showdown\avalheim-showdown-server\lib\process-manager.ts:192:9)
    at QueryProcessManager.releaseCrashed (C:\Users\Belal\Downloads\avalheim-showdown\avalheim-showdown-server\lib\process-manager.ts:458:16)
    at ChildProcess.<anonymous> (C:\Users\Belal\Downloads\avalheim-showdown\avalheim-showdown-server\lib\process-manager.ts:515:47)
    at ChildProcess.emit (node:events:509:20)
    at finish (node:internal/child_process:940:14)
    at processTicksAndRejections (node:internal/process/task_queues:85:11)

[1786418731289] Error: IPC channel is already disconnected
    at ChildProcess.target.disconnect (node:internal/child_process:910:26)
    at StreamProcessWrapper.destroy (C:\Users\Belal\Downloads\avalheim-showdown\avalheim-showdown-server\lib\process-manager.ts:322:16)
    at StreamProcessWrapper.release (C:\Users\Belal\Downloads\avalheim-showdown\avalheim-showdown-server\lib\process-manager.ts:308:14)
    at StreamProcessManager.releaseCrashed (C:\Users\Belal\Downloads\avalheim-showdown\avalheim-showdown-server\lib\process-manager.ts:458:16)
    at ChildProcess.<anonymous> (C:\Users\Belal\Downloads\avalheim-showdown\avalheim-showdown-server\lib\process-manager.ts:515:47)
    at ChildProcess.emit (node:events:509:20)
    at finish (node:internal/child_process:940:14)
    at processTicksAndRejections (node:internal/process/task_queues:85:11)

[1786419301417] Error: IPC channel is already disconnected
    at ChildProcess.target.disconnect (node:internal/child_process:910:26)
    at QueryProcessWrapper.destroy (C:\Users\Belal\Downloads\avalheim-showdown\avalheim-showdown-server\lib\process-manager.ts:206:16)
    at QueryProcessWrapper.release (C:\Users\Belal\Downloads\avalheim-showdown\avalheim-showdown-server\lib\process-manager.ts:192:9)
    at QueryProcessManager.releaseCrashed (C:\Users\Belal\Downloads\avalheim-showdown\avalheim-showdown-server\lib\process-manager.ts:458:16)
    at ChildProcess.<anonymous> (C:\Users\Belal\Downloads\avalheim-showdown\avalheim-showdown-server\lib\process-manager.ts:515:47)
    at ChildProcess.emit (node:events:509:20)
    at finish (node:internal/child_process:940:14)
    at processTicksAndRejections (node:internal/process/task_queues:85:11)

[1786419301418] Error: IPC channel is already disconnected
    at ChildProcess.target.disconnect (node:internal/child_process:910:26)
    at QueryProcessWrapper.destroy (C:\Users\Belal\Downloads\avalheim-showdown\avalheim-showdown-server\lib\process-manager.ts:206:16)
    at QueryProcessWrapper.release (C:\Users\Belal\Downloads\avalheim-showdown\avalheim-showdown-server\lib\process-manager.ts:192:9)
    at QueryProcessManager.releaseCrashed (C:\Users\Belal\Downloads\avalheim-showdown\avalheim-showdown-server\lib\process-manager.ts:458:16)
    at ChildProcess.<anonymous> (C:\Users\Belal\Downloads\avalheim-showdown\avalheim-showdown-server\lib\process-manager.ts:515:47)
    at ChildProcess.emit (node:events:509:20)
    at finish (node:internal/child_process:940:14)
    at processTicksAndRejections (node:internal/process/task_queues:85:11)

[1786419301418] Error: IPC channel is already disconnected
    at ChildProcess.target.disconnect (node:internal/child_process:910:26)
    at QueryProcessWrapper.destroy (C:\Users\Belal\Downloads\avalheim-showdown\avalheim-showdown-server\lib\process-manager.ts:206:16)
    at QueryProcessWrapper.release (C:\Users\Belal\Downloads\avalheim-showdown\avalheim-showdown-server\lib\process-manager.ts:192:9)
    at QueryProcessManager.releaseCrashed (C:\Users\Belal\Downloads\avalheim-showdown\avalheim-showdown-server\lib\process-manager.ts:458:16)
    at ChildProcess.<anonymous> (C:\Users\Belal\Downloads\avalheim-showdown\avalheim-showdown-server\lib\process-manager.ts:515:47)
    at ChildProcess.emit (node:events:509:20)
    at finish (node:internal/child_process:940:14)
    at processTicksAndRejections (node:internal/process/task_queues:85:11)

[1786419301419] Error: IPC channel is already disconnected
    at ChildProcess.target.disconnect (node:internal/child_process:910:26)
    at StreamProcessWrapper.destroy (C:\Users\Belal\Downloads\avalheim-showdown\avalheim-showdown-server\lib\process-manager.ts:322:16)
    at StreamProcessWrapper.release (C:\Users\Belal\Downloads\avalheim-showdown\avalheim-showdown-server\lib\process-manager.ts:308:14)
    at StreamProcessManager.releaseCrashed (C:\Users\Belal\Downloads\avalheim-showdown\avalheim-showdown-server\lib\process-manager.ts:458:16)
    at ChildProcess.<anonymous> (C:\Users\Belal\Downloads\avalheim-showdown\avalheim-showdown-server\lib\process-manager.ts:515:47)
    at ChildProcess.emit (node:events:509:20)
    at finish (node:internal/child_process:940:14)
    at processTicksAndRejections (node:internal/process/task_queues:85:11)

[1786419301420] Error: IPC channel is already disconnected
    at ChildProcess.target.disconnect (node:internal/child_process:910:26)
    at QueryProcessWrapper.destroy (C:\Users\Belal\Downloads\avalheim-showdown\avalheim-showdown-server\lib\process-manager.ts:206:16)
    at QueryProcessWrapper.release (C:\Users\Belal\Downloads\avalheim-showdown\avalheim-showdown-server\lib\process-manager.ts:192:9)
    at QueryProcessManager.releaseCrashed (C:\Users\Belal\Downloads\avalheim-showdown\avalheim-showdown-server\lib\process-manager.ts:458:16)
    at ChildProcess.<anonymous> (C:\Users\Belal\Downloads\avalheim-showdown\avalheim-showdown-server\lib\process-manager.ts:515:47)
    at ChildProcess.emit (node:events:509:20)
    at finish (node:internal/child_process:940:14)
    at processTicksAndRejections (node:internal/process/task_queues:85:11)

[1786419301421] Error: IPC channel is already disconnected
    at ChildProcess.target.disconnect (node:internal/child_process:910:26)
    at QueryProcessWrapper.destroy (C:\Users\Belal\Downloads\avalheim-showdown\avalheim-showdown-server\lib\process-manager.ts:206:16)
    at QueryProcessWrapper.release (C:\Users\Belal\Downloads\avalheim-showdown\avalheim-showdown-server\lib\process-manager.ts:192:9)
    at QueryProcessManager.releaseCrashed (C:\Users\Belal\Downloads\avalheim-showdown\avalheim-showdown-server\lib\process-manager.ts:458:16)
    at ChildProcess.<anonymous> (C:\Users\Belal\Downloads\avalheim-showdown\avalheim-showdown-server\lib\process-manager.ts:515:47)
    at ChildProcess.emit (node:events:509:20)
    at finish (node:internal/child_process:940:14)
    at processTicksAndRejections (node:internal/process/task_queues:85:11)

[1786419301421] Error: IPC channel is already disconnected
    at ChildProcess.target.disconnect (node:internal/child_process:910:26)
    at QueryProcessWrapper.destroy (C:\Users\Belal\Downloads\avalheim-showdown\avalheim-showdown-server\lib\process-manager.ts:206:16)
    at QueryProcessWrapper.release (C:\Users\Belal\Downloads\avalheim-showdown\avalheim-showdown-server\lib\process-manager.ts:192:9)
    at QueryProcessManager.releaseCrashed (C:\Users\Belal\Downloads\avalheim-showdown\avalheim-showdown-server\lib\process-manager.ts:458:16)
    at ChildProcess.<anonymous> (C:\Users\Belal\Downloads\avalheim-showdown\avalheim-showdown-server\lib\process-manager.ts:515:47)
    at ChildProcess.emit (node:events:509:20)
    at finish (node:internal/child_process:940:14)
    at processTicksAndRejections (node:internal/process/task_queues:85:11)

[1786419301436] TypeError: Cannot read properties of null (reading 'then')
    at RawProcessManager.releaseCrashed (C:\Users\Belal\Downloads\avalheim-showdown\avalheim-showdown-server\lib\process-manager.ts:458:24)
    at Worker.<anonymous> (C:\Users\Belal\Downloads\avalheim-showdown\avalheim-showdown-server\lib\process-manager.ts:515:47)
    at Worker.emit (node:events:509:20)
    at ChildProcess.<anonymous> (node:internal/cluster/primary:209:12)
    at Object.onceWrapper (node:events:630:28)
    at ChildProcess.emit (node:events:509:20)
    at finish (node:internal/child_process:940:14)
    at processTicksAndRejections (node:internal/process/task_queues:85:11)

[1786467402153] TypeError: Cannot set properties of undefined (setting 'isNonstandard')
    at ModdedDex.init (C:\Users\Belal\Downloads\avalheim-showdown\avalheim-showdown-server\data\mods\mixandmega\scripts.ts:15:54)
    at ModdedDex.loadData (C:\Users\Belal\Downloads\avalheim-showdown\avalheim-showdown-server\sim\dex.ts:706:18)
    at ModdedDex.includeData (C:\Users\Belal\Downloads\avalheim-showdown\avalheim-showdown-server\sim\dex.ts:517:8)
    at ModdedDex.mod (C:\Users\Belal\Downloads\avalheim-showdown\avalheim-showdown-server\sim\dex.ts:169:31)
    at DexFormats.getRuleTable (C:\Users\Belal\Downloads\avalheim-showdown\avalheim-showdown-server\sim\dex-formats.ts:815:25)
    at GlobalRoomState.get formatListText [as formatListText] (C:\Users\Belal\Downloads\avalheim-showdown\avalheim-showdown-server\server\rooms.ts:1494:34)
    at GlobalRoomState.handleConnect (C:\Users\Belal\Downloads\avalheim-showdown\avalheim-showdown-server\server\rooms.ts:1751:80)
    at Object.socketConnect (C:\Users\Belal\Downloads\avalheim-showdown\avalheim-showdown-server\server\users.ts:1669:15)
    at Object.onSpawn (C:\Users\Belal\Downloads\avalheim-showdown\avalheim-showdown-server\server\sockets.ts:36:11)
    at processTicksAndRejections (node:internal/process/task_queues:104:5)

[1786472684844] Error: Unrecognized rule "LGPE Normal Rules"
    at DexFormats.validateRule (C:\Users\Belal\Downloads\avalheim-showdown\avalheim-showdown-server\sim\dex-formats.ts:1102:11)
    at C:\Users\Belal\Downloads\avalheim-showdown\avalheim-showdown-server\sim\dex-formats.ts:844:46
    at Array.map (<anonymous>)
    at DexFormats.getRuleTable (C:\Users\Belal\Downloads\avalheim-showdown\avalheim-showdown-server\sim\dex-formats.ts:844:29)
    at DexFormats.getRuleTable (C:\Users\Belal\Downloads\avalheim-showdown\avalheim-showdown-server\sim\dex-formats.ts:977:30)
    at DexFormats.getRuleTable (C:\Users\Belal\Downloads\avalheim-showdown\avalheim-showdown-server\sim\dex-formats.ts:817:24)
    at GlobalRoomState.get formatListText [as formatListText] (C:\Users\Belal\Downloads\avalheim-showdown\avalheim-showdown-server\server\rooms.ts:1494:34)
    at GlobalRoomState.handleConnect (C:\Users\Belal\Downloads\avalheim-showdown\avalheim-showdown-server\server\rooms.ts:1751:80)
    at Object.socketConnect (C:\Users\Belal\Downloads\avalheim-showdown\avalheim-showdown-server\server\users.ts:1669:15)
    at Object.onSpawn (C:\Users\Belal\Downloads\avalheim-showdown\avalheim-showdown-server\server\sockets.ts:36:11)

[1786474404152] Error: Unrecognized rule "LGPE Normal Rules"
    at DexFormats.validateRule (C:\Users\Belal\Downloads\avalheim-showdown\avalheim-showdown-server\sim\dex-formats.ts:1102:11)
    at C:\Users\Belal\Downloads\avalheim-showdown\avalheim-showdown-server\sim\dex-formats.ts:844:46
    at Array.map (<anonymous>)
    at DexFormats.getRuleTable (C:\Users\Belal\Downloads\avalheim-showdown\avalheim-showdown-server\sim\dex-formats.ts:844:29)
    at DexFormats.getRuleTable (C:\Users\Belal\Downloads\avalheim-showdown\avalheim-showdown-server\sim\dex-formats.ts:977:30)
    at DexFormats.getRuleTable (C:\Users\Belal\Downloads\avalheim-showdown\avalheim-showdown-server\sim\dex-formats.ts:817:24)
    at GlobalRoomState.get formatListText [as formatListText] (C:\Users\Belal\Downloads\avalheim-showdown\avalheim-showdown-server\server\rooms.ts:1494:34)
    at GlobalRoomState.handleConnect (C:\Users\Belal\Downloads\avalheim-showdown\avalheim-showdown-server\server\rooms.ts:1751:80)
    at Object.socketConnect (C:\Users\Belal\Downloads\avalheim-showdown\avalheim-showdown-server\server\users.ts:1669:15)
    at Object.onSpawn (C:\Users\Belal\Downloads\avalheim-showdown\avalheim-showdown-server\server\sockets.ts:36:11)

[1786474492221] Error: IPC channel is already disconnected
    at ChildProcess.target.disconnect (node:internal/child_process:910:26)
    at QueryProcessWrapper.destroy (C:\Users\Belal\Downloads\avalheim-showdown\avalheim-showdown-server\lib\process-manager.ts:206:16)
    at QueryProcessWrapper.release (C:\Users\Belal\Downloads\avalheim-showdown\avalheim-showdown-server\lib\process-manager.ts:192:9)
    at QueryProcessManager.releaseCrashed (C:\Users\Belal\Downloads\avalheim-showdown\avalheim-showdown-server\lib\process-manager.ts:458:16)
    at ChildProcess.<anonymous> (C:\Users\Belal\Downloads\avalheim-showdown\avalheim-showdown-server\lib\process-manager.ts:515:47)
    at ChildProcess.emit (node:events:509:20)
    at finish (node:internal/child_process:940:14)
    at processTicksAndRejections (node:internal/process/task_queues:85:11)

[1786474492232] Error: IPC channel is already disconnected
    at ChildProcess.target.disconnect (node:internal/child_process:910:26)
    at QueryProcessWrapper.destroy (C:\Users\Belal\Downloads\avalheim-showdown\avalheim-showdown-server\lib\process-manager.ts:206:16)
    at QueryProcessWrapper.release (C:\Users\Belal\Downloads\avalheim-showdown\avalheim-showdown-server\lib\process-manager.ts:192:9)
    at QueryProcessManager.releaseCrashed (C:\Users\Belal\Downloads\avalheim-showdown\avalheim-showdown-server\lib\process-manager.ts:458:16)
    at ChildProcess.<anonymous> (C:\Users\Belal\Downloads\avalheim-showdown\avalheim-showdown-server\lib\process-manager.ts:515:47)
    at ChildProcess.emit (node:events:509:20)
    at finish (node:internal/child_process:940:14)
    at processTicksAndRejections (node:internal/process/task_queues:85:11)

[1786474492250] Error: IPC channel is already disconnected
    at ChildProcess.target.disconnect (node:internal/child_process:910:26)
    at QueryProcessWrapper.destroy (C:\Users\Belal\Downloads\avalheim-showdown\avalheim-showdown-server\lib\process-manager.ts:206:16)
    at QueryProcessWrapper.release (C:\Users\Belal\Downloads\avalheim-showdown\avalheim-showdown-server\lib\process-manager.ts:192:9)
    at QueryProcessManager.releaseCrashed (C:\Users\Belal\Downloads\avalheim-showdown\avalheim-showdown-server\lib\process-manager.ts:458:16)
    at ChildProcess.<anonymous> (C:\Users\Belal\Downloads\avalheim-showdown\avalheim-showdown-server\lib\process-manager.ts:515:47)
    at ChildProcess.emit (node:events:509:20)
    at finish (node:internal/child_process:940:14)
    at processTicksAndRejections (node:internal/process/task_queues:85:11)

[1786474492272] Error: IPC channel is already disconnected
    at ChildProcess.target.disconnect (node:internal/child_process:910:26)
    at StreamProcessWrapper.destroy (C:\Users\Belal\Downloads\avalheim-showdown\avalheim-showdown-server\lib\process-manager.ts:322:16)
    at StreamProcessWrapper.release (C:\Users\Belal\Downloads\avalheim-showdown\avalheim-showdown-server\lib\process-manager.ts:308:14)
    at StreamProcessManager.releaseCrashed (C:\Users\Belal\Downloads\avalheim-showdown\avalheim-showdown-server\lib\process-manager.ts:458:16)
    at ChildProcess.<anonymous> (C:\Users\Belal\Downloads\avalheim-showdown\avalheim-showdown-server\lib\process-manager.ts:515:47)
    at ChildProcess.emit (node:events:509:20)
    at finish (node:internal/child_process:940:14)
    at processTicksAndRejections (node:internal/process/task_queues:85:11)

[1786474492282] Error: IPC channel is already disconnected
    at ChildProcess.target.disconnect (node:internal/child_process:910:26)
    at QueryProcessWrapper.destroy (C:\Users\Belal\Downloads\avalheim-showdown\avalheim-showdown-server\lib\process-manager.ts:206:16)
    at QueryProcessWrapper.release (C:\Users\Belal\Downloads\avalheim-showdown\avalheim-showdown-server\lib\process-manager.ts:192:9)
    at QueryProcessManager.releaseCrashed (C:\Users\Belal\Downloads\avalheim-showdown\avalheim-showdown-server\lib\process-manager.ts:458:16)
    at ChildProcess.<anonymous> (C:\Users\Belal\Downloads\avalheim-showdown\avalheim-showdown-server\lib\process-manager.ts:515:47)
    at ChildProcess.emit (node:events:509:20)
    at finish (node:internal/child_process:940:14)
    at processTicksAndRejections (node:internal/process/task_queues:85:11)

[1786474492290] Error: IPC channel is already disconnected
    at ChildProcess.target.disconnect (node:internal/child_process:910:26)
    at QueryProcessWrapper.destroy (C:\Users\Belal\Downloads\avalheim-showdown\avalheim-showdown-server\lib\process-manager.ts:206:16)
    at QueryProcessWrapper.release (C:\Users\Belal\Downloads\avalheim-showdown\avalheim-showdown-server\lib\process-manager.ts:192:9)
    at QueryProcessManager.releaseCrashed (C:\Users\Belal\Downloads\avalheim-showdown\avalheim-showdown-server\lib\process-manager.ts:458:16)
    at ChildProcess.<anonymous> (C:\Users\Belal\Downloads\avalheim-showdown\avalheim-showdown-server\lib\process-manager.ts:515:47)
    at ChildProcess.emit (node:events:509:20)
    at finish (node:internal/child_process:940:14)
    at processTicksAndRejections (node:internal/process/task_queues:85:11)

[1786474492298] Error: IPC channel is already disconnected
    at ChildProcess.target.disconnect (node:internal/child_process:910:26)
    at QueryProcessWrapper.destroy (C:\Users\Belal\Downloads\avalheim-showdown\avalheim-showdown-server\lib\process-manager.ts:206:16)
    at QueryProcessWrapper.release (C:\Users\Belal\Downloads\avalheim-showdown\avalheim-showdown-server\lib\process-manager.ts:192:9)
    at QueryProcessManager.releaseCrashed (C:\Users\Belal\Downloads\avalheim-showdown\avalheim-showdown-server\lib\process-manager.ts:458:16)
    at ChildProcess.<anonymous> (C:\Users\Belal\Downloads\avalheim-showdown\avalheim-showdown-server\lib\process-manager.ts:515:47)
    at ChildProcess.emit (node:events:509:20)
    at finish (node:internal/child_process:940:14)
    at processTicksAndRejections (node:internal/process/task_queues:85:11)

[1786474492302] Error: IPC channel is already disconnected
    at ChildProcess.target.disconnect (node:internal/child_process:910:26)
    at StreamProcessWrapper.destroy (C:\Users\Belal\Downloads\avalheim-showdown\avalheim-showdown-server\lib\process-manager.ts:322:16)
    at StreamProcessWrapper.release (C:\Users\Belal\Downloads\avalheim-showdown\avalheim-showdown-server\lib\process-manager.ts:308:14)
    at StreamProcessManager.releaseCrashed (C:\Users\Belal\Downloads\avalheim-showdown\avalheim-showdown-server\lib\process-manager.ts:458:16)
    at ChildProcess.<anonymous> (C:\Users\Belal\Downloads\avalheim-showdown\avalheim-showdown-server\lib\process-manager.ts:515:47)
    at ChildProcess.emit (node:events:509:20)
    at finish (node:internal/child_process:940:14)
    at processTicksAndRejections (node:internal/process/task_queues:85:11)

[1786474783948] Error: Unrecognized rule "LGPE Normal Rules"
    at DexFormats.validateRule (C:\Users\Belal\Downloads\avalheim-showdown\avalheim-showdown-server\sim\dex-formats.ts:1102:11)
    at C:\Users\Belal\Downloads\avalheim-showdown\avalheim-showdown-server\sim\dex-formats.ts:844:46
    at Array.map (<anonymous>)
    at DexFormats.getRuleTable (C:\Users\Belal\Downloads\avalheim-showdown\avalheim-showdown-server\sim\dex-formats.ts:844:29)
    at DexFormats.getRuleTable (C:\Users\Belal\Downloads\avalheim-showdown\avalheim-showdown-server\sim\dex-formats.ts:977:30)
    at DexFormats.getRuleTable (C:\Users\Belal\Downloads\avalheim-showdown\avalheim-showdown-server\sim\dex-formats.ts:817:24)
    at GlobalRoomState.get formatListText [as formatListText] (C:\Users\Belal\Downloads\avalheim-showdown\avalheim-showdown-server\server\rooms.ts:1494:34)
    at GlobalRoomState.handleConnect (C:\Users\Belal\Downloads\avalheim-showdown\avalheim-showdown-server\server\rooms.ts:1751:80)
    at Object.socketConnect (C:\Users\Belal\Downloads\avalheim-showdown\avalheim-showdown-server\server\users.ts:1669:15)
    at Object.onSpawn (C:\Users\Belal\Downloads\avalheim-showdown\avalheim-showdown-server\server\sockets.ts:36:11)

[1786476260783] Error: Format "[Gen 7 Let's Go] Random Battle" requires nonexistent mod: 'gen7letsgo'
    at DexFormats.load (C:\Users\Belal\Downloads\avalheim-showdown\avalheim-showdown-server\sim\dex-formats.ts:673:43)
    at ModdedDex.includeFormats (C:\Users\Belal\Downloads\avalheim-showdown\avalheim-showdown-server\sim\dex.ts:712:16)
    at ModdedDex.loadData (C:\Users\Belal\Downloads\avalheim-showdown\avalheim-showdown-server\sim\dex.ts:654:9)
    at ModdedDex.get data [as data] (C:\Users\Belal\Downloads\avalheim-showdown\avalheim-showdown-server\sim\dex.ts:159:15)
    at DexSpecies.all (C:\Users\Belal\Downloads\avalheim-showdown\avalheim-showdown-server\sim\dex-species.ts:792:29)
    at Object.<anonymous> (C:\Users\Belal\Downloads\avalheim-showdown\avalheim-showdown-server\server\chat-plugins\abuse-monitor.ts:694:21)
    at Module._compile (node:internal/modules/cjs/loader:1829:14)
    at Object..js (node:internal/modules/cjs/loader:1969:10)
    at Module.load (node:internal/modules/cjs/loader:1552:32)
    at Module._load (node:internal/modules/cjs/loader:1354:12)

[1786476260815] Error: Format #2 has a duplicate ID: 'rprandombattle'
    at DexFormats.load (C:\Users\Belal\Downloads\avalheim-showdown\avalheim-showdown-server\sim\dex-formats.ts:663:41)
    at ModdedDex.includeFormats (C:\Users\Belal\Downloads\avalheim-showdown\avalheim-showdown-server\sim\dex.ts:712:16)
    at ModdedDex.loadData (C:\Users\Belal\Downloads\avalheim-showdown\avalheim-showdown-server\sim\dex.ts:654:9)
    at ModdedDex.includeData (C:\Users\Belal\Downloads\avalheim-showdown\avalheim-showdown-server\sim\dex.ts:517:8)
    at C:\Users\Belal\Downloads\avalheim-showdown\avalheim-showdown-server\server\chat-commands\info.ts:3362:6
    at processTicksAndRejections (node:internal/process/task_queues:85:11)

[1786476260875] [22192] @!!@["Error","Format \"[Gen 7 Let's Go] Random Battle\" requires nonexistent mod: 'gen7letsgo'","A team validator process",null]
Error: Format "[Gen 7 Let's Go] Random Battle" requires nonexistent mod: 'gen7letsgo'
    at DexFormats.load (C:\Users\Belal\Downloads\avalheim-showdown\avalheim-showdown-server\dist\sim\dex-formats.js:449:46)
    at ModdedDex.includeFormats (C:\Users\Belal\Downloads\avalheim-showdown\avalheim-showdown-server\dist\sim\dex.js:649:18)
    at ModdedDex.loadData (C:\Users\Belal\Downloads\avalheim-showdown\avalheim-showdown-server\dist\sim\dex.js:605:12)
    at ModdedDex.includeData (C:\Users\Belal\Downloads\avalheim-showdown\avalheim-showdown-server\dist\sim\dex.js:484:10)
    at Object.<anonymous> (C:\Users\Belal\Downloads\avalheim-showdown\avalheim-showdown-server\dist\server\team-validator-async.js:115:42)
    at Module._compile (node:internal/modules/cjs/loader:1829:14)
    at Object..js (node:internal/modules/cjs/loader:1969:10)
    at Module.load (node:internal/modules/cjs/loader:1552:32)
    at Module._load (node:internal/modules/cjs/loader:1354:12)
    at wrapModuleLoad (node:internal/modules/cjs/loader:255:19)

[1786476261874] [5236] @!!@["Error","Format \"[Gen 7 Let's Go] Random Battle\" requires nonexistent mod: 'gen7letsgo'","A dexsearch process",null]
Error: Format "[Gen 7 Let's Go] Random Battle" requires nonexistent mod: 'gen7letsgo'
    at DexFormats.load (C:\Users\Belal\Downloads\avalheim-showdown\avalheim-showdown-server\dist\sim\dex-formats.js:449:46)
    at ModdedDex.includeFormats (C:\Users\Belal\Downloads\avalheim-showdown\avalheim-showdown-server\dist\sim\dex.js:649:18)
    at ModdedDex.loadData (C:\Users\Belal\Downloads\avalheim-showdown\avalheim-showdown-server\dist\sim\dex.js:605:12)
    at ModdedDex.includeData (C:\Users\Belal\Downloads\avalheim-showdown\avalheim-showdown-server\dist\sim\dex.js:484:10)
    at Object.<anonymous> (C:\Users\Belal\Downloads\avalheim-showdown\avalheim-showdown-server\dist\server\chat-plugins\datasearch.js:3105:7)
    at Module._compile (node:internal/modules/cjs/loader:1829:14)
    at Object..js (node:internal/modules/cjs/loader:1969:10)
    at Module.load (node:internal/modules/cjs/loader:1552:32)
    at Module._load (node:internal/modules/cjs/loader:1354:12)
    at wrapModuleLoad (node:internal/modules/cjs/loader:255:19)

[1786476282646] Error: Format #2 has a duplicate ID: 'rprandombattle'
    at DexFormats.load (C:\Users\Belal\Downloads\avalheim-showdown\avalheim-showdown-server\sim\dex-formats.ts:663:41)
    at DexFormats.all (C:\Users\Belal\Downloads\avalheim-showdown\avalheim-showdown-server\sim\dex-formats.ts:792:8)
    at GlobalRoomState.get formatListText [as formatListText] (C:\Users\Belal\Downloads\avalheim-showdown\avalheim-showdown-server\server\rooms.ts:1478:36)
    at GlobalRoomState.handleConnect (C:\Users\Belal\Downloads\avalheim-showdown\avalheim-showdown-server\server\rooms.ts:1751:80)
    at Object.socketConnect (C:\Users\Belal\Downloads\avalheim-showdown\avalheim-showdown-server\server\users.ts:1669:15)
    at Object.onSpawn (C:\Users\Belal\Downloads\avalheim-showdown\avalheim-showdown-server\server\sockets.ts:36:11)
    at processTicksAndRejections (node:internal/process/task_queues:104:5)

[1786476967216] Error: The "Picked Team Size" rule requires Team Preview.
    at Object.onValidateRule (C:\Users\Belal\Downloads\avalheim-showdown\avalheim-showdown-server\data\rulesets.ts:1994:11)
    at DexFormats.getRuleTable (C:\Users\Belal\Downloads\avalheim-showdown\avalheim-showdown-server\sim\dex-formats.ts:1055:45)
    at DexFormats.getRuleTable (C:\Users\Belal\Downloads\avalheim-showdown\avalheim-showdown-server\sim\dex-formats.ts:977:30)
    at DexFormats.getRuleTable (C:\Users\Belal\Downloads\avalheim-showdown\avalheim-showdown-server\sim\dex-formats.ts:817:24)
    at GlobalRoomState.get formatListText [as formatListText] (C:\Users\Belal\Downloads\avalheim-showdown\avalheim-showdown-server\server\rooms.ts:1494:34)
    at GlobalRoomState.handleConnect (C:\Users\Belal\Downloads\avalheim-showdown\avalheim-showdown-server\server\rooms.ts:1751:80)
    at Object.socketConnect (C:\Users\Belal\Downloads\avalheim-showdown\avalheim-showdown-server\server\users.ts:1669:15)
    at Object.onSpawn (C:\Users\Belal\Downloads\avalheim-showdown\avalheim-showdown-server\server\sockets.ts:36:11)
    at processTicksAndRejections (node:internal/process/task_queues:104:5)

[1786478133668] Error: IPC channel is already disconnected
    at ChildProcess.target.disconnect (node:internal/child_process:910:26)
    at QueryProcessWrapper.destroy (C:\Users\Belal\Downloads\avalheim-showdown\avalheim-showdown-server\lib\process-manager.ts:206:16)
    at QueryProcessWrapper.release (C:\Users\Belal\Downloads\avalheim-showdown\avalheim-showdown-server\lib\process-manager.ts:192:9)
    at QueryProcessManager.releaseCrashed (C:\Users\Belal\Downloads\avalheim-showdown\avalheim-showdown-server\lib\process-manager.ts:458:16)
    at ChildProcess.<anonymous> (C:\Users\Belal\Downloads\avalheim-showdown\avalheim-showdown-server\lib\process-manager.ts:515:47)
    at ChildProcess.emit (node:events:509:20)
    at finish (node:internal/child_process:940:14)
    at processTicksAndRejections (node:internal/process/task_queues:85:11)

[1786478133672] Error: IPC channel is already disconnected
    at ChildProcess.target.disconnect (node:internal/child_process:910:26)
    at QueryProcessWrapper.destroy (C:\Users\Belal\Downloads\avalheim-showdown\avalheim-showdown-server\lib\process-manager.ts:206:16)
    at QueryProcessWrapper.release (C:\Users\Belal\Downloads\avalheim-showdown\avalheim-showdown-server\lib\process-manager.ts:192:9)
    at QueryProcessManager.releaseCrashed (C:\Users\Belal\Downloads\avalheim-showdown\avalheim-showdown-server\lib\process-manager.ts:458:16)
    at ChildProcess.<anonymous> (C:\Users\Belal\Downloads\avalheim-showdown\avalheim-showdown-server\lib\process-manager.ts:515:47)
    at ChildProcess.emit (node:events:509:20)
    at finish (node:internal/child_process:940:14)
    at processTicksAndRejections (node:internal/process/task_queues:85:11)

[1786478133674] Error: IPC channel is already disconnected
    at ChildProcess.target.disconnect (node:internal/child_process:910:26)
    at QueryProcessWrapper.destroy (C:\Users\Belal\Downloads\avalheim-showdown\avalheim-showdown-server\lib\process-manager.ts:206:16)
    at QueryProcessWrapper.release (C:\Users\Belal\Downloads\avalheim-showdown\avalheim-showdown-server\lib\process-manager.ts:192:9)
    at QueryProcessManager.releaseCrashed (C:\Users\Belal\Downloads\avalheim-showdown\avalheim-showdown-server\lib\process-manager.ts:458:16)
    at ChildProcess.<anonymous> (C:\Users\Belal\Downloads\avalheim-showdown\avalheim-showdown-server\lib\process-manager.ts:515:47)
    at ChildProcess.emit (node:events:509:20)
    at finish (node:internal/child_process:940:14)
    at processTicksAndRejections (node:internal/process/task_queues:85:11)

[1786478133674] Error: IPC channel is already disconnected
    at ChildProcess.target.disconnect (node:internal/child_process:910:26)
    at StreamProcessWrapper.destroy (C:\Users\Belal\Downloads\avalheim-showdown\avalheim-showdown-server\lib\process-manager.ts:322:16)
    at StreamProcessWrapper.release (C:\Users\Belal\Downloads\avalheim-showdown\avalheim-showdown-server\lib\process-manager.ts:308:14)
    at StreamProcessManager.releaseCrashed (C:\Users\Belal\Downloads\avalheim-showdown\avalheim-showdown-server\lib\process-manager.ts:458:16)
    at ChildProcess.<anonymous> (C:\Users\Belal\Downloads\avalheim-showdown\avalheim-showdown-server\lib\process-manager.ts:515:47)
    at ChildProcess.emit (node:events:509:20)
    at finish (node:internal/child_process:940:14)
    at processTicksAndRejections (node:internal/process/task_queues:85:11)

[1786478133674] Error: IPC channel is already disconnected
    at ChildProcess.target.disconnect (node:internal/child_process:910:26)
    at QueryProcessWrapper.destroy (C:\Users\Belal\Downloads\avalheim-showdown\avalheim-showdown-server\lib\process-manager.ts:206:16)
    at QueryProcessWrapper.release (C:\Users\Belal\Downloads\avalheim-showdown\avalheim-showdown-server\lib\process-manager.ts:192:9)
    at QueryProcessManager.releaseCrashed (C:\Users\Belal\Downloads\avalheim-showdown\avalheim-showdown-server\lib\process-manager.ts:458:16)
    at ChildProcess.<anonymous> (C:\Users\Belal\Downloads\avalheim-showdown\avalheim-showdown-server\lib\process-manager.ts:515:47)
    at ChildProcess.emit (node:events:509:20)
    at finish (node:internal/child_process:940:14)
    at processTicksAndRejections (node:internal/process/task_queues:85:11)

[1786478133675] Error: IPC channel is already disconnected
    at ChildProcess.target.disconnect (node:internal/child_process:910:26)
    at QueryProcessWrapper.destroy (C:\Users\Belal\Downloads\avalheim-showdown\avalheim-showdown-server\lib\process-manager.ts:206:16)
    at QueryProcessWrapper.release (C:\Users\Belal\Downloads\avalheim-showdown\avalheim-showdown-server\lib\process-manager.ts:192:9)
    at QueryProcessManager.releaseCrashed (C:\Users\Belal\Downloads\avalheim-showdown\avalheim-showdown-server\lib\process-manager.ts:458:16)
    at ChildProcess.<anonymous> (C:\Users\Belal\Downloads\avalheim-showdown\avalheim-showdown-server\lib\process-manager.ts:515:47)
    at ChildProcess.emit (node:events:509:20)
    at finish (node:internal/child_process:940:14)
    at processTicksAndRejections (node:internal/process/task_queues:85:11)

[1786478133676] Error: IPC channel is already disconnected
    at ChildProcess.target.disconnect (node:internal/child_process:910:26)
    at QueryProcessWrapper.destroy (C:\Users\Belal\Downloads\avalheim-showdown\avalheim-showdown-server\lib\process-manager.ts:206:16)
    at QueryProcessWrapper.release (C:\Users\Belal\Downloads\avalheim-showdown\avalheim-showdown-server\lib\process-manager.ts:192:9)
    at QueryProcessManager.releaseCrashed (C:\Users\Belal\Downloads\avalheim-showdown\avalheim-showdown-server\lib\process-manager.ts:458:16)
    at ChildProcess.<anonymous> (C:\Users\Belal\Downloads\avalheim-showdown\avalheim-showdown-server\lib\process-manager.ts:515:47)
    at ChildProcess.emit (node:events:509:20)
    at finish (node:internal/child_process:940:14)
    at processTicksAndRejections (node:internal/process/task_queues:85:11)

[1786478133682] Error: IPC channel is already disconnected
    at ChildProcess.target.disconnect (node:internal/child_process:910:26)
    at StreamProcessWrapper.destroy (C:\Users\Belal\Downloads\avalheim-showdown\avalheim-showdown-server\lib\process-manager.ts:322:16)
    at StreamProcessWrapper.release (C:\Users\Belal\Downloads\avalheim-showdown\avalheim-showdown-server\lib\process-manager.ts:308:14)
    at StreamProcessManager.releaseCrashed (C:\Users\Belal\Downloads\avalheim-showdown\avalheim-showdown-server\lib\process-manager.ts:458:16)
    at ChildProcess.<anonymous> (C:\Users\Belal\Downloads\avalheim-showdown\avalheim-showdown-server\lib\process-manager.ts:515:47)
    at ChildProcess.emit (node:events:509:20)
    at finish (node:internal/child_process:940:14)
    at processTicksAndRejections (node:internal/process/task_queues:85:11)

[1786480736628] Error: The "Picked Team Size" rule requires Team Preview.
    at Object.onValidateRule (C:\Users\Belal\Downloads\avalheim-showdown\avalheim-showdown-server\data\rulesets.ts:1994:11)
    at DexFormats.getRuleTable (C:\Users\Belal\Downloads\avalheim-showdown\avalheim-showdown-server\sim\dex-formats.ts:1055:45)
    at DexFormats.getRuleTable (C:\Users\Belal\Downloads\avalheim-showdown\avalheim-showdown-server\sim\dex-formats.ts:817:24)
    at GlobalRoomState.get formatListText [as formatListText] (C:\Users\Belal\Downloads\avalheim-showdown\avalheim-showdown-server\server\rooms.ts:1494:34)
    at GlobalRoomState.handleConnect (C:\Users\Belal\Downloads\avalheim-showdown\avalheim-showdown-server\server\rooms.ts:1751:80)
    at Object.socketConnect (C:\Users\Belal\Downloads\avalheim-showdown\avalheim-showdown-server\server\users.ts:1669:15)
    at Object.onSpawn (C:\Users\Belal\Downloads\avalheim-showdown\avalheim-showdown-server\server\sockets.ts:36:11)
    at processTicksAndRejections (node:internal/process/task_queues:104:5)

[1786481489404] Error: Rule "teampreview" in "[Gen 9] 1v1" already exists in "Standard AG"
    at DexFormats.getRuleTable (C:\Users\Belal\Downloads\avalheim-showdown\avalheim-showdown-server\sim\dex-formats.ts:970:12)
    at GlobalRoomState.get formatListText [as formatListText] (C:\Users\Belal\Downloads\avalheim-showdown\avalheim-showdown-server\server\rooms.ts:1494:34)
    at GlobalRoomState.handleConnect (C:\Users\Belal\Downloads\avalheim-showdown\avalheim-showdown-server\server\rooms.ts:1751:80)
    at Object.socketConnect (C:\Users\Belal\Downloads\avalheim-showdown\avalheim-showdown-server\server\users.ts:1669:15)
    at Object.onSpawn (C:\Users\Belal\Downloads\avalheim-showdown\avalheim-showdown-server\server\sockets.ts:36:11)
    at processTicksAndRejections (node:internal/process/task_queues:104:5)

[1786481780033] Error: Rule "teampreview" in "[Gen 9] 1v1" already exists in "Standard AG"
    at DexFormats.getRuleTable (C:\Users\Belal\Downloads\avalheim-showdown\avalheim-showdown-server\sim\dex-formats.ts:970:12)
    at GlobalRoomState.get formatListText [as formatListText] (C:\Users\Belal\Downloads\avalheim-showdown\avalheim-showdown-server\server\rooms.ts:1494:34)
    at GlobalRoomState.handleConnect (C:\Users\Belal\Downloads\avalheim-showdown\avalheim-showdown-server\server\rooms.ts:1751:80)
    at Object.socketConnect (C:\Users\Belal\Downloads\avalheim-showdown\avalheim-showdown-server\server\users.ts:1669:15)
    at Object.onSpawn (C:\Users\Belal\Downloads\avalheim-showdown\avalheim-showdown-server\server\sockets.ts:36:11)
    at processTicksAndRejections (node:internal/process/task_queues:104:5)

[1786481864634] Error: Rule "teampreview" in "[Gen 9] 2v2 Doubles" already exists in "Standard AG"
    at DexFormats.getRuleTable (C:\Users\Belal\Downloads\avalheim-showdown\avalheim-showdown-server\sim\dex-formats.ts:970:12)
    at GlobalRoomState.get formatListText [as formatListText] (C:\Users\Belal\Downloads\avalheim-showdown\avalheim-showdown-server\server\rooms.ts:1494:34)
    at GlobalRoomState.handleConnect (C:\Users\Belal\Downloads\avalheim-showdown\avalheim-showdown-server\server\rooms.ts:1751:80)
    at Object.socketConnect (C:\Users\Belal\Downloads\avalheim-showdown\avalheim-showdown-server\server\users.ts:1669:15)
    at Object.onSpawn (C:\Users\Belal\Downloads\avalheim-showdown\avalheim-showdown-server\server\sockets.ts:36:11)
    at processTicksAndRejections (node:internal/process/task_queues:104:5)

[1786482080758] Error: Rule "teampreview" in "[Gen 9] 4v4 Doubles Draft" already exists in "Standard Draft"
    at DexFormats.getRuleTable (C:\Users\Belal\Downloads\avalheim-showdown\avalheim-showdown-server\sim\dex-formats.ts:970:12)
    at GlobalRoomState.get formatListText [as formatListText] (C:\Users\Belal\Downloads\avalheim-showdown\avalheim-showdown-server\server\rooms.ts:1494:34)
    at GlobalRoomState.handleConnect (C:\Users\Belal\Downloads\avalheim-showdown\avalheim-showdown-server\server\rooms.ts:1751:80)
    at Object.socketConnect (C:\Users\Belal\Downloads\avalheim-showdown\avalheim-showdown-server\server\users.ts:1669:15)
    at Object.onSpawn (C:\Users\Belal\Downloads\avalheim-showdown\avalheim-showdown-server\server\sockets.ts:36:11)
    at processTicksAndRejections (node:internal/process/task_queues:104:5)

[1786482266786] Error: Unrecognized rule "Same Color Clause"
    at DexFormats.validateRule (C:\Users\Belal\Downloads\avalheim-showdown\avalheim-showdown-server\sim\dex-formats.ts:1102:11)
    at C:\Users\Belal\Downloads\avalheim-showdown\avalheim-showdown-server\sim\dex-formats.ts:844:46
    at Array.map (<anonymous>)
    at DexFormats.getRuleTable (C:\Users\Belal\Downloads\avalheim-showdown\avalheim-showdown-server\sim\dex-formats.ts:844:29)
    at GlobalRoomState.get formatListText [as formatListText] (C:\Users\Belal\Downloads\avalheim-showdown\avalheim-showdown-server\server\rooms.ts:1494:34)
    at GlobalRoomState.handleConnect (C:\Users\Belal\Downloads\avalheim-showdown\avalheim-showdown-server\server\rooms.ts:1751:80)
    at Object.socketConnect (C:\Users\Belal\Downloads\avalheim-showdown\avalheim-showdown-server\server\users.ts:1669:15)
    at Object.onSpawn (C:\Users\Belal\Downloads\avalheim-showdown\avalheim-showdown-server\server\sockets.ts:36:11)
    at processTicksAndRejections (node:internal/process/task_queues:104:5)

[1786482528386] Error: Rule "forcemonocolor" should have a value (like "forcemonocolor = something")
    at DexFormats.getRuleTable (C:\Users\Belal\Downloads\avalheim-showdown\avalheim-showdown-server\sim\dex-formats.ts:920:36)
    at GlobalRoomState.get formatListText [as formatListText] (C:\Users\Belal\Downloads\avalheim-showdown\avalheim-showdown-server\server\rooms.ts:1494:34)
    at GlobalRoomState.handleConnect (C:\Users\Belal\Downloads\avalheim-showdown\avalheim-showdown-server\server\rooms.ts:1751:80)
    at Object.socketConnect (C:\Users\Belal\Downloads\avalheim-showdown\avalheim-showdown-server\server\users.ts:1669:15)
    at Object.onSpawn (C:\Users\Belal\Downloads\avalheim-showdown\avalheim-showdown-server\server\sockets.ts:36:11)
    at processTicksAndRejections (node:internal/process/task_queues:104:5)

[1786482662034] Error: Unrecognized rule "Same Letter Clause"
    at DexFormats.validateRule (C:\Users\Belal\Downloads\avalheim-showdown\avalheim-showdown-server\sim\dex-formats.ts:1102:11)
    at C:\Users\Belal\Downloads\avalheim-showdown\avalheim-showdown-server\sim\dex-formats.ts:844:46
    at Array.map (<anonymous>)
    at DexFormats.getRuleTable (C:\Users\Belal\Downloads\avalheim-showdown\avalheim-showdown-server\sim\dex-formats.ts:844:29)
    at GlobalRoomState.get formatListText [as formatListText] (C:\Users\Belal\Downloads\avalheim-showdown\avalheim-showdown-server\server\rooms.ts:1494:34)
    at GlobalRoomState.handleConnect (C:\Users\Belal\Downloads\avalheim-showdown\avalheim-showdown-server\server\rooms.ts:1751:80)
    at Object.socketConnect (C:\Users\Belal\Downloads\avalheim-showdown\avalheim-showdown-server\server\users.ts:1669:15)
    at Object.onSpawn (C:\Users\Belal\Downloads\avalheim-showdown\avalheim-showdown-server\server\sockets.ts:36:11)
    at processTicksAndRejections (node:internal/process/task_queues:104:5)

[1786482753437] Error: Rule "teampreview" in "[Gen 9] The Loser's Game" already exists in "Standard AG"
    at DexFormats.getRuleTable (C:\Users\Belal\Downloads\avalheim-showdown\avalheim-showdown-server\sim\dex-formats.ts:970:12)
    at GlobalRoomState.get formatListText [as formatListText] (C:\Users\Belal\Downloads\avalheim-showdown\avalheim-showdown-server\server\rooms.ts:1494:34)
    at GlobalRoomState.handleConnect (C:\Users\Belal\Downloads\avalheim-showdown\avalheim-showdown-server\server\rooms.ts:1751:80)
    at Object.socketConnect (C:\Users\Belal\Downloads\avalheim-showdown\avalheim-showdown-server\server\users.ts:1669:15)
    at Object.onSpawn (C:\Users\Belal\Downloads\avalheim-showdown\avalheim-showdown-server\server\sockets.ts:36:11)
    at processTicksAndRejections (node:internal/process/task_queues:104:5)

[1786482832424] Error: Unrecognized rule "Accuracy Trap Clause"
    at DexFormats.validateRule (C:\Users\Belal\Downloads\avalheim-showdown\avalheim-showdown-server\sim\dex-formats.ts:1102:11)
    at C:\Users\Belal\Downloads\avalheim-showdown\avalheim-showdown-server\sim\dex-formats.ts:844:46
    at Array.map (<anonymous>)
    at DexFormats.getRuleTable (C:\Users\Belal\Downloads\avalheim-showdown\avalheim-showdown-server\sim\dex-formats.ts:844:29)
    at DexFormats.getRuleTable (C:\Users\Belal\Downloads\avalheim-showdown\avalheim-showdown-server\sim\dex-formats.ts:817:24)
    at GlobalRoomState.get formatListText [as formatListText] (C:\Users\Belal\Downloads\avalheim-showdown\avalheim-showdown-server\server\rooms.ts:1494:34)
    at GlobalRoomState.handleConnect (C:\Users\Belal\Downloads\avalheim-showdown\avalheim-showdown-server\server\rooms.ts:1751:80)
    at Object.socketConnect (C:\Users\Belal\Downloads\avalheim-showdown\avalheim-showdown-server\server\users.ts:1669:15)
    at Object.onSpawn (C:\Users\Belal\Downloads\avalheim-showdown\avalheim-showdown-server\server\sockets.ts:36:11)
    at processTicksAndRejections (node:internal/process/task_queues:104:5)

[1786482983977] Error: Unrecognized rule "Speed Pass Clause"
    at DexFormats.validateRule (C:\Users\Belal\Downloads\avalheim-showdown\avalheim-showdown-server\sim\dex-formats.ts:1102:11)
    at C:\Users\Belal\Downloads\avalheim-showdown\avalheim-showdown-server\sim\dex-formats.ts:844:46
    at Array.map (<anonymous>)
    at DexFormats.getRuleTable (C:\Users\Belal\Downloads\avalheim-showdown\avalheim-showdown-server\sim\dex-formats.ts:844:29)
    at DexFormats.getRuleTable (C:\Users\Belal\Downloads\avalheim-showdown\avalheim-showdown-server\sim\dex-formats.ts:817:24)
    at GlobalRoomState.get formatListText [as formatListText] (C:\Users\Belal\Downloads\avalheim-showdown\avalheim-showdown-server\server\rooms.ts:1494:34)
    at GlobalRoomState.handleConnect (C:\Users\Belal\Downloads\avalheim-showdown\avalheim-showdown-server\server\rooms.ts:1751:80)
    at Object.socketConnect (C:\Users\Belal\Downloads\avalheim-showdown\avalheim-showdown-server\server\users.ts:1669:15)
    at Object.onSpawn (C:\Users\Belal\Downloads\avalheim-showdown\avalheim-showdown-server\server\sockets.ts:36:11)
    at processTicksAndRejections (node:internal/process/task_queues:104:5)

[1786483089560] Error: Rule "teampreview" in "[Gen 5] 1v1" already exists in "Standard AG"
    at DexFormats.getRuleTable (C:\Users\Belal\Downloads\avalheim-showdown\avalheim-showdown-server\sim\dex-formats.ts:970:12)
    at DexFormats.getRuleTable (C:\Users\Belal\Downloads\avalheim-showdown\avalheim-showdown-server\sim\dex-formats.ts:817:24)
    at GlobalRoomState.get formatListText [as formatListText] (C:\Users\Belal\Downloads\avalheim-showdown\avalheim-showdown-server\server\rooms.ts:1494:34)
    at GlobalRoomState.handleConnect (C:\Users\Belal\Downloads\avalheim-showdown\avalheim-showdown-server\server\rooms.ts:1751:80)
    at Object.socketConnect (C:\Users\Belal\Downloads\avalheim-showdown\avalheim-showdown-server\server\users.ts:1669:15)
    at Object.onSpawn (C:\Users\Belal\Downloads\avalheim-showdown\avalheim-showdown-server\server\sockets.ts:36:11)
    at processTicksAndRejections (node:internal/process/task_queues:104:5)

[1786483518698] Error: The "Picked Team Size" rule requires Team Preview.
    at Object.onValidateRule (C:\Users\Belal\Downloads\avalheim-showdown\avalheim-showdown-server\data\rulesets.ts:1994:11)
    at DexFormats.getRuleTable (C:\Users\Belal\Downloads\avalheim-showdown\avalheim-showdown-server\sim\dex-formats.ts:1055:45)
    at DexFormats.getRuleTable (C:\Users\Belal\Downloads\avalheim-showdown\avalheim-showdown-server\sim\dex-formats.ts:817:24)
    at GlobalRoomState.get formatListText [as formatListText] (C:\Users\Belal\Downloads\avalheim-showdown\avalheim-showdown-server\server\rooms.ts:1494:34)
    at GlobalRoomState.handleConnect (C:\Users\Belal\Downloads\avalheim-showdown\avalheim-showdown-server\server\rooms.ts:1751:80)
    at Object.socketConnect (C:\Users\Belal\Downloads\avalheim-showdown\avalheim-showdown-server\server\users.ts:1669:15)
    at Object.onSpawn (C:\Users\Belal\Downloads\avalheim-showdown\avalheim-showdown-server\server\sockets.ts:36:11)
    at processTicksAndRejections (node:internal/process/task_queues:104:5)

[1786484228506] Error: Rule "teampreview" in "[Gen 9] 1v1" already exists in "Standard AG"
    at DexFormats.getRuleTable (C:\Users\Belal\Downloads\avalheim-showdown\avalheim-showdown-server\sim\dex-formats.ts:970:12)
    at GlobalRoomState.get formatListText [as formatListText] (C:\Users\Belal\Downloads\avalheim-showdown\avalheim-showdown-server\server\rooms.ts:1494:34)
    at GlobalRoomState.handleConnect (C:\Users\Belal\Downloads\avalheim-showdown\avalheim-showdown-server\server\rooms.ts:1751:80)
    at Object.socketConnect (C:\Users\Belal\Downloads\avalheim-showdown\avalheim-showdown-server\server\users.ts:1669:15)
    at Object.onSpawn (C:\Users\Belal\Downloads\avalheim-showdown\avalheim-showdown-server\server\sockets.ts:36:11)
    at processTicksAndRejections (node:internal/process/task_queues:104:5)

[1786484654277] Error: Rule "teampreview" in "[Gen 9] 2v2 Doubles" already exists in "Standard AG"
    at DexFormats.getRuleTable (C:\Users\Belal\Downloads\avalheim-showdown\avalheim-showdown-server\sim\dex-formats.ts:970:12)
    at GlobalRoomState.get formatListText [as formatListText] (C:\Users\Belal\Downloads\avalheim-showdown\avalheim-showdown-server\server\rooms.ts:1494:34)
    at GlobalRoomState.handleConnect (C:\Users\Belal\Downloads\avalheim-showdown\avalheim-showdown-server\server\rooms.ts:1751:80)
    at Object.socketConnect (C:\Users\Belal\Downloads\avalheim-showdown\avalheim-showdown-server\server\users.ts:1669:15)
    at Object.onSpawn (C:\Users\Belal\Downloads\avalheim-showdown\avalheim-showdown-server\server\sockets.ts:36:11)
    at processTicksAndRejections (node:internal/process/task_queues:104:5)

[1786484792900] Error: Rule "teampreview" in "[Gen 9] 4v4 Doubles Draft" already exists in "Standard Draft"
    at DexFormats.getRuleTable (C:\Users\Belal\Downloads\avalheim-showdown\avalheim-showdown-server\sim\dex-formats.ts:970:12)
    at GlobalRoomState.get formatListText [as formatListText] (C:\Users\Belal\Downloads\avalheim-showdown\avalheim-showdown-server\server\rooms.ts:1494:34)
    at GlobalRoomState.handleConnect (C:\Users\Belal\Downloads\avalheim-showdown\avalheim-showdown-server\server\rooms.ts:1751:80)
    at Object.socketConnect (C:\Users\Belal\Downloads\avalheim-showdown\avalheim-showdown-server\server\users.ts:1669:15)
    at Object.onSpawn (C:\Users\Belal\Downloads\avalheim-showdown\avalheim-showdown-server\server\sockets.ts:36:11)
    at processTicksAndRejections (node:internal/process/task_queues:104:5)

[1786485108990] Error: Rule "teampreview" in "[Gen 9] 4v4 Doubles Draft" already exists in "Standard Draft"
    at DexFormats.getRuleTable (C:\Users\Belal\Downloads\avalheim-showdown\avalheim-showdown-server\sim\dex-formats.ts:970:12)
    at GlobalRoomState.get formatListText [as formatListText] (C:\Users\Belal\Downloads\avalheim-showdown\avalheim-showdown-server\server\rooms.ts:1494:34)
    at GlobalRoomState.handleConnect (C:\Users\Belal\Downloads\avalheim-showdown\avalheim-showdown-server\server\rooms.ts:1751:80)
    at Object.socketConnect (C:\Users\Belal\Downloads\avalheim-showdown\avalheim-showdown-server\server\users.ts:1669:15)
    at Object.onSpawn (C:\Users\Belal\Downloads\avalheim-showdown\avalheim-showdown-server\server\sockets.ts:36:11)
    at processTicksAndRejections (node:internal/process/task_queues:104:5)

[1786485215931] Error: Rule "teampreview" in "[Gen 8] NatDex 4v4 Doubles Draft" already exists in "Standard Draft"
    at DexFormats.getRuleTable (C:\Users\Belal\Downloads\avalheim-showdown\avalheim-showdown-server\sim\dex-formats.ts:970:12)
    at DexFormats.getRuleTable (C:\Users\Belal\Downloads\avalheim-showdown\avalheim-showdown-server\sim\dex-formats.ts:817:24)
    at GlobalRoomState.get formatListText [as formatListText] (C:\Users\Belal\Downloads\avalheim-showdown\avalheim-showdown-server\server\rooms.ts:1494:34)
    at GlobalRoomState.handleConnect (C:\Users\Belal\Downloads\avalheim-showdown\avalheim-showdown-server\server\rooms.ts:1751:80)
    at Object.socketConnect (C:\Users\Belal\Downloads\avalheim-showdown\avalheim-showdown-server\server\users.ts:1669:15)
    at Object.onSpawn (C:\Users\Belal\Downloads\avalheim-showdown\avalheim-showdown-server\server\sockets.ts:36:11)
    at processTicksAndRejections (node:internal/process/task_queues:104:5)

[1786485333001] Error: Rule "teampreview" in "[Gen 9] The Loser's Game" already exists in "Standard AG"
    at DexFormats.getRuleTable (C:\Users\Belal\Downloads\avalheim-showdown\avalheim-showdown-server\sim\dex-formats.ts:970:12)
    at GlobalRoomState.get formatListText [as formatListText] (C:\Users\Belal\Downloads\avalheim-showdown\avalheim-showdown-server\server\rooms.ts:1494:34)
    at GlobalRoomState.handleConnect (C:\Users\Belal\Downloads\avalheim-showdown\avalheim-showdown-server\server\rooms.ts:1751:80)
    at Object.socketConnect (C:\Users\Belal\Downloads\avalheim-showdown\avalheim-showdown-server\server\users.ts:1669:15)
    at Object.onSpawn (C:\Users\Belal\Downloads\avalheim-showdown\avalheim-showdown-server\server\sockets.ts:36:11)
    at processTicksAndRejections (node:internal/process/task_queues:104:5)

[1786485535889] Error: Rule "teampreview" in "[Gen 9] National Dex 1v1" already exists in "Standard AG"
    at DexFormats.getRuleTable (C:\Users\Belal\Downloads\avalheim-showdown\avalheim-showdown-server\sim\dex-formats.ts:970:12)
    at GlobalRoomState.get formatListText [as formatListText] (C:\Users\Belal\Downloads\avalheim-showdown\avalheim-showdown-server\server\rooms.ts:1494:34)
    at GlobalRoomState.handleConnect (C:\Users\Belal\Downloads\avalheim-showdown\avalheim-showdown-server\server\rooms.ts:1751:80)
    at Object.socketConnect (C:\Users\Belal\Downloads\avalheim-showdown\avalheim-showdown-server\server\users.ts:1669:15)
    at Object.onSpawn (C:\Users\Belal\Downloads\avalheim-showdown\avalheim-showdown-server\server\sockets.ts:36:11)
    at processTicksAndRejections (node:internal/process/task_queues:104:5)

[1786485787997] Error: Rule "teampreview" in "[Gen 5] 1v1" already exists in "Standard AG"
    at DexFormats.getRuleTable (C:\Users\Belal\Downloads\avalheim-showdown\avalheim-showdown-server\sim\dex-formats.ts:970:12)
    at DexFormats.getRuleTable (C:\Users\Belal\Downloads\avalheim-showdown\avalheim-showdown-server\sim\dex-formats.ts:817:24)
    at GlobalRoomState.get formatListText [as formatListText] (C:\Users\Belal\Downloads\avalheim-showdown\avalheim-showdown-server\server\rooms.ts:1494:34)
    at GlobalRoomState.handleConnect (C:\Users\Belal\Downloads\avalheim-showdown\avalheim-showdown-server\server\rooms.ts:1751:80)
    at Object.socketConnect (C:\Users\Belal\Downloads\avalheim-showdown\avalheim-showdown-server\server\users.ts:1669:15)
    at Object.onSpawn (C:\Users\Belal\Downloads\avalheim-showdown\avalheim-showdown-server\server\sockets.ts:36:11)
    at processTicksAndRejections (node:internal/process/task_queues:104:5)

[1786485939429] Error: The "Picked Team Size" rule requires Team Preview.
    at Object.onValidateRule (C:\Users\Belal\Downloads\avalheim-showdown\avalheim-showdown-server\data\rulesets.ts:1994:11)
    at DexFormats.getRuleTable (C:\Users\Belal\Downloads\avalheim-showdown\avalheim-showdown-server\sim\dex-formats.ts:1055:45)
    at DexFormats.getRuleTable (C:\Users\Belal\Downloads\avalheim-showdown\avalheim-showdown-server\sim\dex-formats.ts:977:30)
    at DexFormats.getRuleTable (C:\Users\Belal\Downloads\avalheim-showdown\avalheim-showdown-server\sim\dex-formats.ts:817:24)
    at GlobalRoomState.get formatListText [as formatListText] (C:\Users\Belal\Downloads\avalheim-showdown\avalheim-showdown-server\server\rooms.ts:1494:34)
    at GlobalRoomState.handleConnect (C:\Users\Belal\Downloads\avalheim-showdown\avalheim-showdown-server\server\rooms.ts:1751:80)
    at Object.socketConnect (C:\Users\Belal\Downloads\avalheim-showdown\avalheim-showdown-server\server\users.ts:1669:15)
    at Object.onSpawn (C:\Users\Belal\Downloads\avalheim-showdown\avalheim-showdown-server\server\sockets.ts:36:11)
    at processTicksAndRejections (node:internal/process/task_queues:104:5)
